// Jest Snapshot v1, https://goo.gl/fbAQLP

exports[`City renders correctly 1`] = `
<div
  className="city"
>
  <div
    className="city-inner"
    style={
      Object {
        "backgroundImage": "url(/images/11.jpg)",
      }
    }
  >
    <div
      className="city-canvas"
    >
      <div
        style={
          Object {
            "textAlign": "right",
          }
        }
      >
        <a
          className="is-light has-text-white"
          href="https://maps.google.com/?q=55.75222,37.61556"
          target="_blank"
        >
          <span
            className="icon is-small  mr4"
          >
            <i
              className="fas fa-map"
            />
          </span>
          Open map
        </a>
      </div>
      <div
        className="header"
      >
        Moscow
      </div>
      <div
        className="column"
      >
        <div>
          Temperature: 
          -7
          Â°C
        </div>
        <div>
          Himidity: 
          78
          %
        </div>
        <div>
          Rain prob: 
          0
          %
        </div>
        <div>
          Snow prob: 
          10
          %
        </div>
        <div>
          Cloudiness: 
          80
          %
        </div>
      </div>
    </div>
    <div
      className="removeControl"
    >
      <a
        className="button is-small is-danger is-outlined"
        onClick={[Function]}
      >
        Delete city
      </a>
    </div>
  </div>
</div>
`;
