// Jest Snapshot v1, https://goo.gl/fbAQLP

exports[`footer renders correctly 1`] = `
<footer
  className="footer"
>
  <div
    className="content is-small"
  >
    <a
      className="has-text-white"
      href="https://github.com/georgius1024/timofeev-yurii-otus"
      target="_blank"
    >
      Â© MyCompany, 2019
    </a>
  </div>
</footer>
`;
